     1                                  BITS 64
     2                                  
     3                                  section .data
     4 00000000 48656C6C6F2C20776F-     	msg1	db "Hello, world!", 0xa, 0
     4 00000009 726C64210A00       
     5                                  	msg1len equ $-msg1-1
     6 0000000F 49276D20612068756D-     	msg2	db "I'm a human :)", 0xa, 0
     6 00000018 616E203A290A00     
     7                                  	msg2len equ $-msg2-1
     8                                  
     9                                  section .bss
    10                                  
    11                                  section .text
    12                                  	global main
    13                                  
    14                                  main:
    15                                  	; ## Prologue ########################
    16 00000000 55                      	push	rbp
    17 00000001 4889E5                  	mov		rbp, rsp
    18                                  
    19                                  	; ## Code ############################
    20 00000004 B801000000              	mov		rax, 1			; syscall for write
    21 00000009 BF01000000              	mov		rdi, 1			; stdout
    22 0000000E 48BE-                   	mov		rsi, msg1
    22 00000010 [0000000000000000] 
    23 00000018 BA0E000000              	mov		rdx, msg1len
    24 0000001D 0F05                    	syscall
    25                                  
    26 0000001F B801000000              	mov		rax, 1
    27 00000024 BF01000000              	mov		rdi, 1
    28 00000029 48BE-                   	mov		rsi, msg2
    28 0000002B [0F00000000000000] 
    29 00000033 BA0F000000              	mov		rdx, msg2len
    30 00000038 0F05                    	syscall
    31                                  
    32                                  	; ## Epilogue ########################
    33 0000003A 4889EC                  	mov		rsp, rbp
    34 0000003D 5D                      	pop		rbp
    35 0000003E B83C000000              	mov		rax, 60			; syscall for exit
    36 00000043 BF00000000              	mov		rdi, 0			; exit code 0
    37 00000048 0F05                    	syscall
