     1                                  BITS 64
     2                                  	; global _start ; ld linker
     3                                  
     4                                  ; ##############################
     5                                  ; Constants
     6                                  ; ##############################
     7                                  section .data
     8 00000000 48656C6C6F2C20776F-     	message: db "Hello, world", 0xa ; const char * message
     8 00000009 726C640A           
     9                                  	length:	 equ $-message		; int length = len(message)==12
    10                                  
    11                                  
    12                                  ; ##############################
    13                                  ; Variables
    14                                  ; ##############################
    15                                  section .bss
    16                                  
    17                                  
    18                                  ; ##############################
    19                                  ; Program
    20                                  ; ##############################
    21                                  section .text
    22                                  	global main
    23                                  main:
    24                                  	; write(1, message, length)
    25 00000000 B801000000              	mov rax, 1				; system call for write
    26 00000005 BF01000000              	mov rdi, 1				; making file handle stdout
    27 0000000A 48BE-                   	mov rsi, message		; passing address of string to output
    27 0000000C [0000000000000000] 
    28 00000014 BA0D000000              	mov rdx, length			; number of bytes
    29 00000019 0F05                    	syscall					; invoking os to write
    30                                  
    31                                  	; exit(0)
    32 0000001B B83C000000              	mov rax, 60				; system call for exit
    33 00000020 BF00000000              	mov rdi, 0				; exit code 0
    34 00000025 0F05                    	syscall					; invoke os to exit
